NotFound 404 = erro de comunicação (possivelmente erro com a base de dados)